============================= test session starts ==============================
platform darwin -- Python 3.13.7, pytest-9.0.2, pluggy-1.6.0
rootdir: /Users/sebastien.lavayssiere/Code/test-open-code/competencies_api
configfile: pytest.ini
plugins: langsmith-0.7.38, schemathesis-4.17.0, mock-3.15.1, Faker-40.15.0, cov-7.1.0, asyncio-1.3.0, hypothesis-6.152.4, anyio-4.13.0
asyncio: mode=Mode.STRICT, debug=False, asyncio_default_fixture_loop_scope=None, asyncio_default_test_loop_scope=function
collected 8 items / 6 deselected / 2 selected

competencies_api/tests/integration/test_pg_integration.py FF             [100%]

=================================== FAILURES ===================================
______________________ test_cleanup_orphans_real_postgres ______________________
competencies_api/tests/integration/test_pg_integration.py:142: in test_cleanup_orphans_real_postgres
    assert resp.json()["deleted_count"] == 2  # Orpheline_Zero et Orpheline_Vraie
    ^^^^^^^^^^^^^^^^^^^^^^^^^^^^^^^^^^^^^^^^
E   assert 4 == 2
---------------------------- Captured stderr setup -----------------------------
{"asctime": "2026-05-11 16:32:14,360", "levelname": "INFO", "name": "testcontainers.core.container", "message": "Pulling image testcontainers/ryuk:0.8.1", "service": "competencies-api", "environment": "dev"}
{"asctime": "2026-05-11 16:32:14,826", "levelname": "INFO", "name": "testcontainers.core.container", "message": "Container started: b1ec68ce45a1", "service": "competencies-api", "environment": "dev"}
{"asctime": "2026-05-11 16:32:14,832", "levelname": "INFO", "name": "testcontainers.core.container", "message": "Pulling image postgres:16-alpine", "service": "competencies-api", "environment": "dev"}
{"asctime": "2026-05-11 16:32:15,137", "levelname": "INFO", "name": "testcontainers.core.container", "message": "Container started: 11065759d08e", "service": "competencies-api", "environment": "dev"}
{"asctime": "2026-05-11 16:32:16,263", "levelname": "INFO", "name": "testcontainers.core.container", "message": "Pulling image redis:7-alpine", "service": "competencies-api", "environment": "dev"}
{"asctime": "2026-05-11 16:32:16,548", "levelname": "INFO", "name": "testcontainers.core.container", "message": "Container started: 94c86f7d184b", "service": "competencies-api", "environment": "dev"}
------------------------------ Captured log setup ------------------------------
INFO     testcontainers.core.container:container.py:178 Pulling image testcontainers/ryuk:0.8.1
INFO     testcontainers.core.container:container.py:207 Container started: b1ec68ce45a1
INFO     testcontainers.core.container:container.py:178 Pulling image postgres:16-alpine
INFO     testcontainers.core.container:container.py:207 Container started: 11065759d08e
INFO     testcontainers.core.container:container.py:178 Pulling image redis:7-alpine
INFO     testcontainers.core.container:container.py:207 Container started: 94c86f7d184b
----------------------------- Captured stderr call -----------------------------
{"asctime": "2026-05-11 16:32:16,916", "levelname": "WARNING", "name": "src.competencies.helpers", "message": "\u00c9chec de g\u00e9n\u00e9ration d'alias pour 'Parent': No API key was provided. Please pass a valid API key. Learn how to create an API key at https://ai.google.dev/gemini-api/docs/api-key.", "service": "competencies-api", "environment": "dev", "trace_id": "0410dd9c62aa0c373b55f28c78ddbfb2", "span_id": "5aad11278b0aae50"}
{"asctime": "2026-05-11 16:32:16,918", "levelname": "ERROR", "name": "asyncio", "message": "Task exception was never retrieved\nfuture: <Task finished name='Task-4' coro=<BaseApiClient.aclose() done, defined at /Library/Frameworks/Python.framework/Versions/3.13/lib/python3.13/site-packages/google/genai/_api_client.py:2100> exception=AttributeError(\"'BaseApiClient' object has no attribute '_async_httpx_client'\")>", "exc_info": "Traceback (most recent call last):\n  File \"/Library/Frameworks/Python.framework/Versions/3.13/lib/python3.13/site-packages/google/genai/_api_client.py\", line 2105, in aclose\n    await self._async_httpx_client.aclose()  # type: ignore[union-attr]\n          ^^^^^^^^^^^^^^^^^^^^^^^^\nAttributeError: 'BaseApiClient' object has no attribute '_async_httpx_client'", "service": "competencies-api", "environment": "dev"}
{"asctime": "2026-05-11 16:32:16,925", "levelname": "INFO", "name": "middleware.http", "message": "HTTP Request Processed", "http.method": "POST", "http.path": "/", "http.status_code": 201, "http.duration_s": 0.0426, "service": "competencies-api", "environment": "dev", "trace_id": "0410dd9c62aa0c373b55f28c78ddbfb2", "span_id": "5aad11278b0aae50"}
{"asctime": "2026-05-11 16:32:16,931", "levelname": "WARNING", "name": "src.competencies.helpers", "message": "\u00c9chec de g\u00e9n\u00e9ration d'alias pour 'Enfant': No API key was provided. Please pass a valid API key. Learn how to create an API key at https://ai.google.dev/gemini-api/docs/api-key.", "service": "competencies-api", "environment": "dev", "trace_id": "69bb1763f2cfa262aecd02d4ebbd8975", "span_id": "466e75b29744e380"}
{"asctime": "2026-05-11 16:32:16,932", "levelname": "ERROR", "name": "asyncio", "message": "Task exception was never retrieved\nfuture: <Task finished name='Task-7' coro=<BaseApiClient.aclose() done, defined at /Library/Frameworks/Python.framework/Versions/3.13/lib/python3.13/site-packages/google/genai/_api_client.py:2100> exception=AttributeError(\"'BaseApiClient' object has no attribute '_async_httpx_client'\")>", "exc_info": "Traceback (most recent call last):\n  File \"/Library/Frameworks/Python.framework/Versions/3.13/lib/python3.13/site-packages/google/genai/_api_client.py\", line 2105, in aclose\n    await self._async_httpx_client.aclose()  # type: ignore[union-attr]\n          ^^^^^^^^^^^^^^^^^^^^^^^^\nAttributeError: 'BaseApiClient' object has no attribute '_async_httpx_client'", "service": "competencies-api", "environment": "dev"}
{"asctime": "2026-05-11 16:32:16,939", "levelname": "WARNING", "name": "src.competencies.helpers", "message": "\u00c9chec de g\u00e9n\u00e9ration d'alias pour 'Orpheline_Valide': No API key was provided. Please pass a valid API key. Learn how to create an API key at https://ai.google.dev/gemini-api/docs/api-key.", "service": "competencies-api", "environment": "dev", "trace_id": "7bd24377af4625a655df53e507579327", "span_id": "786ba0d396c5ccca"}
{"asctime": "2026-05-11 16:32:16,939", "levelname": "ERROR", "name": "asyncio", "message": "Task exception was never retrieved\nfuture: <Task finished name='Task-10' coro=<BaseApiClient.aclose() done, defined at /Library/Frameworks/Python.framework/Versions/3.13/lib/python3.13/site-packages/google/genai/_api_client.py:2100> exception=AttributeError(\"'BaseApiClient' object has no attribute '_async_httpx_client'\")>", "exc_info": "Traceback (most recent call last):\n  File \"/Library/Frameworks/Python.framework/Versions/3.13/lib/python3.13/site-packages/google/genai/_api_client.py\", line 2105, in aclose\n    await self._async_httpx_client.aclose()  # type: ignore[union-attr]\n          ^^^^^^^^^^^^^^^^^^^^^^^^\nAttributeError: 'BaseApiClient' object has no attribute '_async_httpx_client'", "service": "competencies-api", "environment": "dev"}
{"asctime": "2026-05-11 16:32:16,946", "levelname": "WARNING", "name": "src.competencies.helpers", "message": "\u00c9chec de g\u00e9n\u00e9ration d'alias pour 'Orpheline_Zero': No API key was provided. Please pass a valid API key. Learn how to create an API key at https://ai.google.dev/gemini-api/docs/api-key.", "service": "competencies-api", "environment": "dev", "trace_id": "fb222f81982bb498642e37e6d5f71ce4", "span_id": "b59b8e6908dd89f7"}
{"asctime": "2026-05-11 16:32:16,946", "levelname": "ERROR", "name": "asyncio", "message": "Task exception was never retrieved\nfuture: <Task finished name='Task-13' coro=<BaseApiClient.aclose() done, defined at /Library/Frameworks/Python.framework/Versions/3.13/lib/python3.13/site-packages/google/genai/_api_client.py:2100> exception=AttributeError(\"'BaseApiClient' object has no attribute '_async_httpx_client'\")>", "exc_info": "Traceback (most recent call last):\n  File \"/Library/Frameworks/Python.framework/Versions/3.13/lib/python3.13/site-packages/google/genai/_api_client.py\", line 2105, in aclose\n    await self._async_httpx_client.aclose()  # type: ignore[union-attr]\n          ^^^^^^^^^^^^^^^^^^^^^^^^\nAttributeError: 'BaseApiClient' object has no attribute '_async_httpx_client'", "service": "competencies-api", "environment": "dev"}
{"asctime": "2026-05-11 16:32:16,953", "levelname": "WARNING", "name": "src.competencies.helpers", "message": "\u00c9chec de g\u00e9n\u00e9ration d'alias pour 'Orpheline_Vraie': No API key was provided. Please pass a valid API key. Learn how to create an API key at https://ai.google.dev/gemini-api/docs/api-key.", "service": "competencies-api", "environment": "dev", "trace_id": "9a46f450fe1709fbf716060201cccce8", "span_id": "f4787ab377fb685f"}
{"asctime": "2026-05-11 16:32:16,953", "levelname": "ERROR", "name": "asyncio", "message": "Task exception was never retrieved\nfuture: <Task finished name='Task-16' coro=<BaseApiClient.aclose() done, defined at /Library/Frameworks/Python.framework/Versions/3.13/lib/python3.13/site-packages/google/genai/_api_client.py:2100> exception=AttributeError(\"'BaseApiClient' object has no attribute '_async_httpx_client'\")>", "exc_info": "Traceback (most recent call last):\n  File \"/Library/Frameworks/Python.framework/Versions/3.13/lib/python3.13/site-packages/google/genai/_api_client.py\", line 2105, in aclose\n    await self._async_httpx_client.aclose()  # type: ignore[union-attr]\n          ^^^^^^^^^^^^^^^^^^^^^^^^\nAttributeError: 'BaseApiClient' object has no attribute '_async_httpx_client'", "service": "competencies-api", "environment": "dev"}
{"asctime": "2026-05-11 16:32:17,037", "levelname": "WARNING", "name": "src.competencies.helpers", "message": "[Cache Sync] \u00c9chec d'invalidation de cv_api: [Errno 8] nodename nor servname provided, or not known", "service": "competencies-api", "environment": "dev"}
------------------------------ Captured log call -------------------------------
WARNING  src.competencies.helpers:helpers.py:140 Échec de génération d'alias pour 'Parent': No API key was provided. Please pass a valid API key. Learn how to create an API key at https://ai.google.dev/gemini-api/docs/api-key.
ERROR    asyncio:base_events.py:1879 Task exception was never retrieved
future: <Task finished name='Task-4' coro=<BaseApiClient.aclose() done, defined at /Library/Frameworks/Python.framework/Versions/3.13/lib/python3.13/site-packages/google/genai/_api_client.py:2100> exception=AttributeError("'BaseApiClient' object has no attribute '_async_httpx_client'")>
Traceback (most recent call last):
  File "/Library/Frameworks/Python.framework/Versions/3.13/lib/python3.13/site-packages/google/genai/_api_client.py", line 2105, in aclose
    await self._async_httpx_client.aclose()  # type: ignore[union-attr]
          ^^^^^^^^^^^^^^^^^^^^^^^^
AttributeError: 'BaseApiClient' object has no attribute '_async_httpx_client'
INFO     middleware.http:logger.py:149 HTTP Request Processed
WARNING  src.competencies.helpers:helpers.py:140 Échec de génération d'alias pour 'Enfant': No API key was provided. Please pass a valid API key. Learn how to create an API key at https://ai.google.dev/gemini-api/docs/api-key.
ERROR    asyncio:base_events.py:1879 Task exception was never retrieved
future: <Task finished name='Task-7' coro=<BaseApiClient.aclose() done, defined at /Library/Frameworks/Python.framework/Versions/3.13/lib/python3.13/site-packages/google/genai/_api_client.py:2100> exception=AttributeError("'BaseApiClient' object has no attribute '_async_httpx_client'")>
Traceback (most recent call last):
  File "/Library/Frameworks/Python.framework/Versions/3.13/lib/python3.13/site-packages/google/genai/_api_client.py", line 2105, in aclose
    await self._async_httpx_client.aclose()  # type: ignore[union-attr]
          ^^^^^^^^^^^^^^^^^^^^^^^^
AttributeError: 'BaseApiClient' object has no attribute '_async_httpx_client'
INFO     middleware.http:logger.py:149 HTTP Request Processed
WARNING  src.competencies.helpers:helpers.py:140 Échec de génération d'alias pour 'Orpheline_Valide': No API key was provided. Please pass a valid API key. Learn how to create an API key at https://ai.google.dev/gemini-api/docs/api-key.
ERROR    asyncio:base_events.py:1879 Task exception was never retrieved
future: <Task finished name='Task-10' coro=<BaseApiClient.aclose() done, defined at /Library/Frameworks/Python.framework/Versions/3.13/lib/python3.13/site-packages/google/genai/_api_client.py:2100> exception=AttributeError("'BaseApiClient' object has no attribute '_async_httpx_client'")>
Traceback (most recent call last):
  File "/Library/Frameworks/Python.framework/Versions/3.13/lib/python3.13/site-packages/google/genai/_api_client.py", line 2105, in aclose
    await self._async_httpx_client.aclose()  # type: ignore[union-attr]
          ^^^^^^^^^^^^^^^^^^^^^^^^
AttributeError: 'BaseApiClient' object has no attribute '_async_httpx_client'
INFO     middleware.http:logger.py:149 HTTP Request Processed
WARNING  src.competencies.helpers:helpers.py:140 Échec de génération d'alias pour 'Orpheline_Zero': No API key was provided. Please pass a valid API key. Learn how to create an API key at https://ai.google.dev/gemini-api/docs/api-key.
ERROR    asyncio:base_events.py:1879 Task exception was never retrieved
future: <Task finished name='Task-13' coro=<BaseApiClient.aclose() done, defined at /Library/Frameworks/Python.framework/Versions/3.13/lib/python3.13/site-packages/google/genai/_api_client.py:2100> exception=AttributeError("'BaseApiClient' object has no attribute '_async_httpx_client'")>
Traceback (most recent call last):
  File "/Library/Frameworks/Python.framework/Versions/3.13/lib/python3.13/site-packages/google/genai/_api_client.py", line 2105, in aclose
    await self._async_httpx_client.aclose()  # type: ignore[union-attr]
          ^^^^^^^^^^^^^^^^^^^^^^^^
AttributeError: 'BaseApiClient' object has no attribute '_async_httpx_client'
INFO     middleware.http:logger.py:149 HTTP Request Processed
WARNING  src.competencies.helpers:helpers.py:140 Échec de génération d'alias pour 'Orpheline_Vraie': No API key was provided. Please pass a valid API key. Learn how to create an API key at https://ai.google.dev/gemini-api/docs/api-key.
ERROR    asyncio:base_events.py:1879 Task exception was never retrieved
future: <Task finished name='Task-16' coro=<BaseApiClient.aclose() done, defined at /Library/Frameworks/Python.framework/Versions/3.13/lib/python3.13/site-packages/google/genai/_api_client.py:2100> exception=AttributeError("'BaseApiClient' object has no attribute '_async_httpx_client'")>
Traceback (most recent call last):
  File "/Library/Frameworks/Python.framework/Versions/3.13/lib/python3.13/site-packages/google/genai/_api_client.py", line 2105, in aclose
    await self._async_httpx_client.aclose()  # type: ignore[union-attr]
          ^^^^^^^^^^^^^^^^^^^^^^^^
AttributeError: 'BaseApiClient' object has no attribute '_async_httpx_client'
INFO     middleware.http:logger.py:149 HTTP Request Processed
INFO     middleware.http:logger.py:149 HTTP Request Processed
WARNING  src.competencies.helpers:helpers.py:170 [Cache Sync] Échec d'invalidation de cv_api: [Errno 8] nodename nor servname provided, or not known
______________________ test_bulk_tree_drops_real_postgres ______________________
competencies_api/tests/integration/test_pg_integration.py:184: in test_bulk_tree_drops_real_postgres
    assert "Enfant_A_Garder" in names
E   AssertionError: assert 'Enfant_A_Garder' in ['Tech', 'Compétences Archives / Non classées']
---------------------------- Captured stderr setup -----------------------------
{"asctime": "2026-05-11 16:32:17,196", "levelname": "WARNING", "name": "opentelemetry.instrumentation.instrumentor", "message": "Attempting to instrument while already instrumented", "service": "competencies-api", "environment": "dev"}
------------------------------ Captured log setup ------------------------------
WARNING  opentelemetry.instrumentation.instrumentor:instrumentor.py:103 Attempting to instrument while already instrumented
----------------------------- Captured stderr call -----------------------------
{"asctime": "2026-05-11 16:32:17,224", "levelname": "WARNING", "name": "src.competencies.helpers", "message": "\u00c9chec de g\u00e9n\u00e9ration d'alias pour 'A_Supprimer': No API key was provided. Please pass a valid API key. Learn how to create an API key at https://ai.google.dev/gemini-api/docs/api-key.", "service": "competencies-api", "environment": "dev", "trace_id": "50ab6257666242ea6c416b88bb9b8e50", "span_id": "6d2d9d30d5e24a92"}
{"asctime": "2026-05-11 16:32:17,225", "levelname": "ERROR", "name": "asyncio", "message": "Task exception was never retrieved\nfuture: <Task finished name='Task-24' coro=<BaseApiClient.aclose() done, defined at /Library/Frameworks/Python.framework/Versions/3.13/lib/python3.13/site-packages/google/genai/_api_client.py:2100> exception=AttributeError(\"'BaseApiClient' object has no attribute '_async_httpx_client'\")>", "exc_info": "Traceback (most recent call last):\n  File \"/Library/Frameworks/Python.framework/Versions/3.13/lib/python3.13/site-packages/google/genai/_api_client.py\", line 2105, in aclose\n    await self._async_httpx_client.aclose()  # type: ignore[union-attr]\n          ^^^^^^^^^^^^^^^^^^^^^^^^\nAttributeError: 'BaseApiClient' object has no attribute '_async_httpx_client'", "service": "competencies-api", "environment": "dev"}
{"asctime": "2026-05-11 16:32:17,236", "levelname": "WARNING", "name": "src.competencies.helpers", "message": "\u00c9chec de g\u00e9n\u00e9ration d'alias pour 'Enfant_A_Garder': No API key was provided. Please pass a valid API key. Learn how to create an API key at https://ai.google.dev/gemini-api/docs/api-key.", "service": "competencies-api", "environment": "dev", "trace_id": "01feca69136a56188e85cbda0364b87a", "span_id": "ef1fb5e2da7b6d5c"}
{"asctime": "2026-05-11 16:32:17,236", "levelname": "ERROR", "name": "asyncio", "message": "Task exception was never retrieved\nfuture: <Task finished name='Task-27' coro=<BaseApiClient.aclose() done, defined at /Library/Frameworks/Python.framework/Versions/3.13/lib/python3.13/site-packages/google/genai/_api_client.py:2100> exception=AttributeError(\"'BaseApiClient' object has no attribute '_async_httpx_client'\")>", "exc_info": "Traceback (most recent call last):\n  File \"/Library/Frameworks/Python.framework/Versions/3.13/lib/python3.13/site-packages/google/genai/_api_client.py\", line 2105, in aclose\n    await self._async_httpx_client.aclose()  # type: ignore[union-attr]\n          ^^^^^^^^^^^^^^^^^^^^^^^^\nAttributeError: 'BaseApiClient' object has no attribute '_async_httpx_client'", "service": "competencies-api", "environment": "dev"}
------------------------------ Captured log call -------------------------------
WARNING  src.competencies.helpers:helpers.py:140 Échec de génération d'alias pour 'A_Supprimer': No API key was provided. Please pass a valid API key. Learn how to create an API key at https://ai.google.dev/gemini-api/docs/api-key.
ERROR    asyncio:base_events.py:1879 Task exception was never retrieved
future: <Task finished name='Task-24' coro=<BaseApiClient.aclose() done, defined at /Library/Frameworks/Python.framework/Versions/3.13/lib/python3.13/site-packages/google/genai/_api_client.py:2100> exception=AttributeError("'BaseApiClient' object has no attribute '_async_httpx_client'")>
Traceback (most recent call last):
  File "/Library/Frameworks/Python.framework/Versions/3.13/lib/python3.13/site-packages/google/genai/_api_client.py", line 2105, in aclose
    await self._async_httpx_client.aclose()  # type: ignore[union-attr]
          ^^^^^^^^^^^^^^^^^^^^^^^^
AttributeError: 'BaseApiClient' object has no attribute '_async_httpx_client'
INFO     middleware.http:logger.py:149 HTTP Request Processed
WARNING  src.competencies.helpers:helpers.py:140 Échec de génération d'alias pour 'Enfant_A_Garder': No API key was provided. Please pass a valid API key. Learn how to create an API key at https://ai.google.dev/gemini-api/docs/api-key.
ERROR    asyncio:base_events.py:1879 Task exception was never retrieved
future: <Task finished name='Task-27' coro=<BaseApiClient.aclose() done, defined at /Library/Frameworks/Python.framework/Versions/3.13/lib/python3.13/site-packages/google/genai/_api_client.py:2100> exception=AttributeError("'BaseApiClient' object has no attribute '_async_httpx_client'")>
Traceback (most recent call last):
  File "/Library/Frameworks/Python.framework/Versions/3.13/lib/python3.13/site-packages/google/genai/_api_client.py", line 2105, in aclose
    await self._async_httpx_client.aclose()  # type: ignore[union-attr]
          ^^^^^^^^^^^^^^^^^^^^^^^^
AttributeError: 'BaseApiClient' object has no attribute '_async_httpx_client'
INFO     middleware.http:logger.py:149 HTTP Request Processed
INFO     middleware.http:logger.py:149 HTTP Request Processed
WARNING  src.competencies.helpers:helpers.py:170 [Cache Sync] Échec d'invalidation de cv_api: [Errno 8] nodename nor servname provided, or not known
INFO     middleware.http:logger.py:149 HTTP Request Processed
=========================== short test summary info ============================
FAILED competencies_api/tests/integration/test_pg_integration.py::test_cleanup_orphans_real_postgres
FAILED competencies_api/tests/integration/test_pg_integration.py::test_bulk_tree_drops_real_postgres
======================= 2 failed, 6 deselected in 3.75s ========================
