============================= test session starts ==============================
platform darwin -- Python 3.13.7, pytest-9.0.2, pluggy-1.6.0 -- /usr/local/bin/python3
cachedir: .pytest_cache
rootdir: /Users/sebastien.lavayssiere/Code/test-open-code
plugins: langsmith-0.7.38, mock-3.15.1, Faker-40.15.0, cov-7.1.0, asyncio-1.3.0, anyio-4.13.0
asyncio: mode=Mode.STRICT, debug=False, asyncio_default_fixture_loop_scope=None, asyncio_default_test_loop_scope=function
collecting ... collected 1 item

cv_api/test_bulk_reanalyse.py::TestBulkReanalyseEndpoints::test_cancel_running_job_resets_state FAILED [100%]

=================================== FAILURES ===================================
_______ TestBulkReanalyseEndpoints.test_cancel_running_job_resets_state ________

self = <AsyncMock id='4710370336'>

    def assert_awaited_once(self):
        """
        Assert that the mock was awaited exactly once.
        """
        if not self.await_count == 1:
            msg = (f"Expected {self._mock_name or 'mock'} to have been awaited once."
                   f" Awaited {self.await_count} times.")
>           raise AssertionError(msg)
E           AssertionError: Expected mock to have been awaited once. Awaited 0 times.

/Library/Frameworks/Python.framework/Versions/3.13/lib/python3.13/unittest/mock.py:2364: AssertionError

During handling of the above exception, another exception occurred:

self = <test_bulk_reanalyse.TestBulkReanalyseEndpoints object at 0x118b8c350>
mocker = <pytest_mock.plugin.MockerFixture object at 0x118b7fcb0>

    def test_cancel_running_job_resets_state(self, mocker):
        """POST /bulk-reanalyse/cancel doit appeler reset() si job actif."""
        state = {
            "status": "batch_running",
            "batch_job_id": "projects/p/locations/eu/batchPredictionJobs/abc",
        }
        mocker.patch("src.cvs.router.bulk_reanalyse_manager.is_running",
                     new=AsyncMock(return_value=True))
        mocker.patch("src.cvs.router.bulk_reanalyse_manager.get_status",
                     new=AsyncMock(return_value=state))
        reset_mock = mocker.patch("src.cvs.router.bulk_reanalyse_manager.reset",
                                  new=AsyncMock())
        mock_httpx = mocker.patch("src.cvs.router.httpx.AsyncClient")
        ci = AsyncMock()
        mock_httpx.return_value.__aenter__.return_value = ci
        ci.post.return_value = MagicMock(status_code=200)
        r = client.post("/bulk-reanalyse/cancel", headers={"Authorization": "Bearer token"})
        assert r.status_code == 200
>       reset_mock.assert_awaited_once()
E       AssertionError: Expected mock to have been awaited once. Awaited 0 times.

cv_api/test_bulk_reanalyse.py:351: AssertionError
----------------------------- Captured stderr call -----------------------------
{"asctime": "2026-04-29 14:34:01,405", "levelname": "INFO", "name": "middleware.http", "message": "HTTP Request Processed", "http.method": "POST", "http.url": "http://testserver/bulk-reanalyse/cancel", "http.status_code": 200, "http.duration_s": 0.0017, "trace_id": "9e530c5bc968c46ed2fb5724022077e2", "span_id": "b4db7d6a15f6c8a7"}
------------------------------ Captured log call -------------------------------
INFO     middleware.http:logger.py:49 HTTP Request Processed
=============================== warnings summary ===============================
../../../../Library/Frameworks/Python.framework/Versions/3.13/lib/python3.13/site-packages/pythonjsonlogger/jsonlogger.py:11
  /Library/Frameworks/Python.framework/Versions/3.13/lib/python3.13/site-packages/pythonjsonlogger/jsonlogger.py:11: DeprecationWarning: pythonjsonlogger.jsonlogger has been moved to pythonjsonlogger.json
    warnings.warn(

-- Docs: https://docs.pytest.org/en/stable/how-to/capture-warnings.html
=========================== short test summary info ============================
FAILED cv_api/test_bulk_reanalyse.py::TestBulkReanalyseEndpoints::test_cancel_running_job_resets_state
========================= 1 failed, 1 warning in 0.15s =========================
